app/tasks/page.tsx(1510,2): error TS1127: Invalid character.
app/tasks/page.tsx(1510,4): error TS1127: Invalid character.
app/tasks/page.tsx(1510,6): error TS1127: Invalid character.
app/tasks/page.tsx(1510,8): error TS1127: Invalid character.
app/tasks/page.tsx(1510,10): error TS1127: Invalid character.
app/tasks/page.tsx(1510,12): error TS1127: Invalid character.
app/tasks/page.tsx(1510,14): error TS1127: Invalid character.
app/tasks/page.tsx(1510,16): error TS1127: Invalid character.
app/tasks/page.tsx(1510,18): error TS1127: Invalid character.
app/tasks/page.tsx(1510,20): error TS1127: Invalid character.
app/tasks/page.tsx(1510,22): error TS1127: Invalid character.
app/tasks/page.tsx(1510,24): error TS1127: Invalid character.
app/tasks/page.tsx(1510,26): error TS1127: Invalid character.
app/tasks/page.tsx(1510,28): error TS1127: Invalid character.
app/tasks/page.tsx(1510,30): error TS1127: Invalid character.
app/tasks/page.tsx(1510,32): error TS1127: Invalid character.
app/tasks/page.tsx(1510,34): error TS1127: Invalid character.
app/tasks/page.tsx(1510,36): error TS1127: Invalid character.
app/tasks/page.tsx(1510,38): error TS1127: Invalid character.
app/tasks/page.tsx(1510,40): error TS1127: Invalid character.
app/tasks/page.tsx(1510,42): error TS1127: Invalid character.
app/tasks/page.tsx(1510,44): error TS1127: Invalid character.
app/tasks/page.tsx(1510,46): error TS1127: Invalid character.
app/tasks/page.tsx(1510,48): error TS1127: Invalid character.
app/tasks/page.tsx(1510,50): error TS1127: Invalid character.
app/tasks/page.tsx(1510,52): error TS1127: Invalid character.
app/tasks/page.tsx(1510,54): error TS1127: Invalid character.
app/tasks/page.tsx(1510,56): error TS1127: Invalid character.
app/tasks/page.tsx(1510,58): error TS1127: Invalid character.
app/tasks/page.tsx(1510,60): error TS1127: Invalid character.
app/tasks/page.tsx(1510,62): error TS1127: Invalid character.
app/tasks/page.tsx(1510,64): error TS1127: Invalid character.
app/tasks/page.tsx(1510,66): error TS1127: Invalid character.
app/tasks/page.tsx(1510,68): error TS1127: Invalid character.
app/tasks/page.tsx(1510,70): error TS1127: Invalid character.
app/tasks/page.tsx(1510,72): error TS1127: Invalid character.
app/tasks/page.tsx(1510,73): error TS1128: Declaration or statement expected.
app/tasks/page.tsx(1510,74): error TS1127: Invalid character.
app/tasks/page.tsx(1510,76): error TS1127: Invalid character.
app/tasks/page.tsx(1510,78): error TS1127: Invalid character.
app/tasks/page.tsx(1510,80): error TS1127: Invalid character.
app/tasks/page.tsx(1510,82): error TS1127: Invalid character.
app/tasks/page.tsx(1510,84): error TS1127: Invalid character.
app/tasks/page.tsx(1510,86): error TS1127: Invalid character.
app/tasks/page.tsx(1510,88): error TS1127: Invalid character.
app/tasks/page.tsx(1510,90): error TS1127: Invalid character.
app/tasks/page.tsx(1510,92): error TS1127: Invalid character.
app/tasks/page.tsx(1510,94): error TS1127: Invalid character.
app/tasks/page.tsx(1510,95): error TS1109: Expression expected.
app/tasks/page.tsx(1510,96): error TS1127: Invalid character.
app/tasks/page.tsx(1510,98): error TS1127: Invalid character.
app/tasks/page.tsx(1510,100): error TS1127: Invalid character.
app/tasks/page.tsx(1510,102): error TS1127: Invalid character.
app/tasks/page.tsx(1510,104): error TS1127: Invalid character.
app/tasks/page.tsx(1510,106): error TS1127: Invalid character.
app/tasks/page.tsx(1510,108): error TS1127: Invalid character.
app/tasks/page.tsx(1510,110): error TS1127: Invalid character.
app/tasks/page.tsx(1510,112): error TS1127: Invalid character.
app/tasks/page.tsx(1510,114): error TS1127: Invalid character.
app/tasks/page.tsx(1510,116): error TS1127: Invalid character.
app/tasks/page.tsx(1510,118): error TS1127: Invalid character.
app/tasks/page.tsx(1510,120): error TS1127: Invalid character.
app/tasks/page.tsx(1510,122): error TS1127: Invalid character.
app/tasks/page.tsx(1510,124): error TS1127: Invalid character.
app/tasks/page.tsx(1510,126): error TS1127: Invalid character.
app/tasks/page.tsx(1510,128): error TS1127: Invalid character.
app/tasks/page.tsx(1510,130): error TS1127: Invalid character.
app/tasks/page.tsx(1510,131): error TS1128: Declaration or statement expected.
app/tasks/page.tsx(1510,132): error TS1127: Invalid character.
app/tasks/page.tsx(1510,134): error TS1127: Invalid character.
app/tasks/page.tsx(1510,135): error TS1109: Expression expected.
app/tasks/page.tsx(1510,136): error TS1127: Invalid character.
app/tasks/page.tsx(1510,138): error TS1127: Invalid character.
app/tasks/page.tsx(1510,140): error TS1127: Invalid character.
app/tasks/page.tsx(1510,142): error TS1127: Invalid character.
app/tasks/page.tsx(1510,144): error TS1127: Invalid character.
app/tasks/page.tsx(1510,146): error TS1127: Invalid character.
app/tasks/page.tsx(1510,148): error TS1127: Invalid character.
app/tasks/page.tsx(1510,150): error TS1127: Invalid character.
app/tasks/page.tsx(1510,152): error TS1127: Invalid character.
app/tasks/page.tsx(1510,154): error TS1127: Invalid character.
app/tasks/page.tsx(1510,156): error TS1127: Invalid character.
app/tasks/page.tsx(1510,158): error TS1127: Invalid character.
app/tasks/page.tsx(1510,160): error TS1127: Invalid character.
app/tasks/page.tsx(1510,162): error TS1127: Invalid character.
app/tasks/page.tsx(1510,163): error TS1128: Declaration or statement expected.
app/tasks/page.tsx(1510,164): error TS1127: Invalid character.
app/tasks/page.tsx(1510,165): error TS1127: Invalid character.
app/tasks/page.tsx(1510,166): error TS1127: Invalid character.
app/tasks/page.tsx(1511,1): error TS1127: Invalid character.
app/tasks/page.tsx(1512,1): error TS1127: Invalid character.
app/tasks/page.tsx(1512,3): error TS1127: Invalid character.
app/tasks/page.tsx(1512,5): error TS1127: Invalid character.
app/tasks/page.tsx(1512,7): error TS1127: Invalid character.
app/tasks/page.tsx(1513,1): error TS1127: Invalid character.
app/tasks/page.tsx(1514,1): error TS1127: Invalid character.
app/tasks/page.tsx(1514,3): error TS1127: Invalid character.
app/tasks/page.tsx(1514,5): error TS1127: Invalid character.
app/tasks/page.tsx(1514,7): error TS1127: Invalid character.
app/tasks/page.tsx(1514,9): error TS1127: Invalid character.
app/tasks/page.tsx(1514,11): error TS1127: Invalid character.
app/tasks/page.tsx(1514,13): error TS1127: Invalid character.
app/tasks/page.tsx(1514,15): error TS1127: Invalid character.
app/tasks/page.tsx(1514,17): error TS1127: Invalid character.
app/tasks/page.tsx(1514,19): error TS1127: Invalid character.
app/tasks/page.tsx(1514,21): error TS1127: Invalid character.
app/tasks/page.tsx(1514,23): error TS1127: Invalid character.
app/tasks/page.tsx(1515,1): error TS1127: Invalid character.
app/tasks/page.tsx(1516,1): error TS1127: Invalid character.
app/tasks/page.tsx(1516,3): error TS1127: Invalid character.
app/tasks/page.tsx(1516,5): error TS1127: Invalid character.
app/tasks/page.tsx(1516,7): error TS1127: Invalid character.
app/tasks/page.tsx(1516,9): error TS1127: Invalid character.
app/tasks/page.tsx(1516,11): error TS1127: Invalid character.
app/tasks/page.tsx(1516,13): error TS1127: Invalid character.
app/tasks/page.tsx(1516,15): error TS1127: Invalid character.
app/tasks/page.tsx(1516,17): error TS1127: Invalid character.
app/tasks/page.tsx(1516,19): error TS1127: Invalid character.
app/tasks/page.tsx(1516,21): error TS1127: Invalid character.
app/tasks/page.tsx(1516,23): error TS1127: Invalid character.
app/tasks/page.tsx(1516,25): error TS1127: Invalid character.
app/tasks/page.tsx(1516,27): error TS1127: Invalid character.
app/tasks/page.tsx(1516,29): error TS1127: Invalid character.
app/tasks/page.tsx(1516,30): error TS1127: Invalid character.
app/tasks/page.tsx(1516,31): error TS1127: Invalid character.
app/tasks/page.tsx(1516,32): error TS1109: Expression expected.
app/tasks/page.tsx(1516,33): error TS1127: Invalid character.
app/tasks/page.tsx(1516,35): error TS1127: Invalid character.
app/tasks/page.tsx(1516,37): error TS1127: Invalid character.
app/tasks/page.tsx(1516,39): error TS1127: Invalid character.
app/tasks/page.tsx(1516,41): error TS1127: Invalid character.
app/tasks/page.tsx(1516,43): error TS1127: Invalid character.
app/tasks/page.tsx(1516,45): error TS1127: Invalid character.
app/tasks/page.tsx(1516,47): error TS1127: Invalid character.
app/tasks/page.tsx(1516,49): error TS1127: Invalid character.
app/tasks/page.tsx(1516,51): error TS1127: Invalid character.
app/tasks/page.tsx(1516,53): error TS1127: Invalid character.
app/tasks/page.tsx(1516,55): error TS1127: Invalid character.
app/tasks/page.tsx(1516,57): error TS1127: Invalid character.
app/tasks/page.tsx(1516,59): error TS1127: Invalid character.
app/tasks/page.tsx(1516,60): error TS1128: Declaration or statement expected.
app/tasks/page.tsx(1516,61): error TS1127: Invalid character.
app/tasks/page.tsx(1516,62): error TS1128: Declaration or statement expected.
app/tasks/page.tsx(1516,63): error TS1127: Invalid character.
app/tasks/page.tsx(1516,64): error TS1128: Declaration or statement expected.
app/tasks/page.tsx(1516,65): error TS1127: Invalid character.
app/tasks/page.tsx(1516,66): error TS1109: Expression expected.
app/tasks/page.tsx(1516,67): error TS1127: Invalid character.
app/tasks/page.tsx(1516,115): error TS1127: Invalid character.
app/tasks/page.tsx(1516,116): error TS1109: Expression expected.
app/tasks/page.tsx(1516,117): error TS1127: Invalid character.
app/tasks/page.tsx(1516,118): error TS1109: Expression expected.
app/tasks/page.tsx(1516,119): error TS1127: Invalid character.
app/tasks/page.tsx(1516,120): error TS1161: Unterminated regular expression literal.
app/tasks/page.tsx(1516,145): error TS1127: Invalid character.
app/tasks/page.tsx(1517,1): error TS1127: Invalid character.
app/tasks/page.tsx(1518,1): error TS1127: Invalid character.
app/tasks/page.tsx(1518,2): error TS1005: '}' expected.
